// Jest Snapshot v1, https://goo.gl/fbAQLP

exports[`It matches snapshot 1`] = `
Object {
  "bracketSpacing": true,
  "jsxBracketSameLine": false,
  "printWidth": 80,
  "semi": false,
  "singleQuote": true,
  "tabWidth": 2,
  "trailingComma": "all",
  "useTabs": false,
}
`;
